eeschema (22-Jun-2014 BZR 4027)-stable  >> Creation date: Пт 08 апр 2016 12:09:30
#Cmp ( order = Reference )
| C1         10P         
| C2         10P         
| C3         0.1U        
| C4         0.1U        
| C5         0.1U        
| C6         10U         
| C7         0.1U        
| C8         10U         
| C9         1uF         
| C10        0.1uF       
| C11        0.1uF       
| C12        0.1uF       
| C13        C           
| C14        0.1uF       
| C15        0.1U        
| C16        10U         
| C17        0.1U        
| C18        10U         
| C19        0.1U        
| C20        0.1U        
| C21        0.1U        
| C22        0.1U        
| C23        0.1U        
| C24        0.1U        
| C25        10P         
| C26        10P         
| C27        10P         
| C28        10P         
| C29        10P         
| C30        10P         
| Cff1       33nF        
| Cin1       0.1uF       
| CON1       AVR-ISP-10  
| Cout1      470uF       
| D1         LED_TX      
| D2         DIODESCH    
| D3         LED_RX      
| FB1        L3          
| FB2        L4          
| FB3        L1          
| FB4        C2          
| IC1        ATMEGA1280-A
| JP1        JUMPER      
| L1         INDUCTOR    
| P1         CONN_02X20  
| P2         USB_A       
| R1         220K        
| R2         220K        
| R3         27          
| R4         27          
| R5         1.5K        
| R6         R1          
| R7         220-470     
| R8         220K        
| R9         220K        
| R10        220K        
| R11        220K        
| R12        220K        
| R13        220K        
| RV1        POT         
| SW1        SW_PUSH     
| U1         74HCT541_PWR
| U2         PL2303      
| U3         PL2303      
| U4         PL2303      
| X1         CRYSTAL     
| Y1         CRYSTAL     
| Y2         CRYSTAL     
| Y3         CRYSTAL     
| Y4         CRYSTAL     
| Y5         CRYSTAL     
#End Cmp

#Cmp ( order = Value )
| 0.1uF        C10       
| 0.1uF        C11       
| 0.1uF        C12       
| 0.1uF        C14       
| 1uF          C9        
| 0.1U         C3        
| 0.1U         C4        
| 0.1U         C5        
| 0.1U         C7        
| 0.1U         C15       
| 0.1U         C17       
| 0.1U         C19       
| 0.1U         C20       
| 0.1U         C21       
| 0.1U         C22       
| 0.1U         C23       
| 0.1U         C24       
| 10P          C1        
| 10P          C2        
| 10U          C6        
| 10U          C8        
| C            C13       
| 10U          C16       
| 10U          C18       
| 10P          C25       
| 10P          C26       
| 10P          C27       
| 10P          C28       
| 10P          C29       
| 10P          C30       
| 33nF         Cff1      
| 0.1uF        Cin1      
| AVR-ISP-10   CON1      
| 470uF        Cout1     
| LED_TX       D1        
| LED_RX       D3        
| DIODESCH     D2        
| L3           FB1       
| L4           FB2       
| L1           FB3       
| C2           FB4       
| ATMEGA1280-A IC1       
| JUMPER       JP1       
| INDUCTOR     L1        
| CONN_02X20   P1        
| USB_A        P2        
| 27           R3        
| 27           R4        
| 1.5K         R5        
| 220K         R1        
| 220K         R2        
| 220K         R8        
| 220K         R9        
| 220K         R10       
| 220K         R11       
| 220K         R12       
| 220K         R13       
| R1           R6        
| 220-470      R7        
| POT          RV1       
| SW_PUSH      SW1       
| 74HCT541_PWR U1        
| PL2303       U2        
| PL2303       U3        
| PL2303       U4        
| CRYSTAL      X1        
| CRYSTAL      Y1        
| CRYSTAL      Y2        
| CRYSTAL      Y3        
| CRYSTAL      Y4        
| CRYSTAL      Y5        
#End Cmp

#End List
